================================================================================
VEHICLE MATCHING SYSTEM - ACCURACY VALIDATION
================================================================================

[TEST 1] ETA PREDICTION MODEL ACCURACY
--------------------------------------------------------------------------------
python : Traceback (most recent call last):
At line:1 char:1
+ python validate_accuracy.py 2>&1 | tee test_output.txt
+ ~~~~~~~~~~~~~~~~~~~~~~~~~~~~~~~~
    + CategoryInfo          : NotSpecified: (Traceback (most recent call last)::String) [], RemoteE 
   xception
    + FullyQualifiedErrorId : NativeCommandError
 
  File "C:\Users\vishr\OneDrive\Desktop\vehicle-matching\validate_accuracy.py", line 41, in <module>
    X = df[feature_names]
        ~~^^^^^^^^^^^^^^^
  File 
"C:\Users\vishr\AppData\Local\Programs\Python\Python312\Lib\site-packages\pandas\core\frame.py", 
line 4096, in __getitem__
    indexer = self.columns._get_indexer_strict(key, "columns")[1]
              ^^^^^^^^^^^^^^^^^^^^^^^^^^^^^^^^^^^^^^^^^^^^^^^^
  File "C:\Users\vishr\AppData\Local\Programs\Python\Python312\Lib\site-packages\pandas\core\indexes
\base.py", line 6199, in _get_indexer_strict
    self._raise_if_missing(keyarr, indexer, axis_name)
  File "C:\Users\vishr\AppData\Local\Programs\Python\Python312\Lib\site-packages\pandas\core\indexes
\base.py", line 6251, in _raise_if_missing
    raise KeyError(f"{not_found} not in index")
KeyError: "['distance_squared', 'hour_sin', 'hour_cos', 'is_rush_hour'] not in index"

During handling of the above exception, another exception occurred:

Traceback (most recent call last):
  File "C:\Users\vishr\OneDrive\Desktop\vehicle-matching\validate_accuracy.py", line 74, in <module>
    print(f"\u274c ETA TEST FAILED: {str(e)}")
  File "C:\Users\vishr\AppData\Local\Programs\Python\Python312\Lib\encodings\cp1252.py", line 19, 
in encode
    return codecs.charmap_encode(input,self.errors,encoding_table)[0]
           ^^^^^^^^^^^^^^^^^^^^^^^^^^^^^^^^^^^^^^^^^^^^^^^^^^^^^^^
UnicodeEncodeError: 'charmap' codec can't encode character '\u274c' in position 0: character maps 
to <undefined>
